[2026-05-19 15:02:06] === T3B-VQUAD-EXCL-T2DPRIME TIER-3D RECOVERY DRIVER ===
[2026-05-19 15:02:06] mpmath 1.3.0, python 3.12.10
[2026-05-19 15:02:06] Predecessor V_quad string SHA: 52375a71a05bf61ad971cf83ea9334eb96e20ffa054dc3cab74447966a2f5c44 OK
[2026-05-19 15:02:06] Computing V_quad fresh @ depth 5000, dps 2200 ...
[2026-05-19 15:02:07]   V_quad fresh CF done in 0.25s; first 64: 1.197373990688357602448603219937206329704270703231350336285792769
[2026-05-19 15:02:07] Basis loaded: 75 records; sha256=ceb9445bb5e9f2f6ae41d19be62491282b0ec7cb1b374e7048b2045fd08c08ee
[2026-05-19 15:02:07]   basis_mtime <= tier_3c_mtime: 1779151098 <= 1779155153 OK
[2026-05-19 15:02:07] Canonical tier 3c loaded: result=None basis_size=75
[2026-05-19 15:02:07] Pre-flight smoke: building B_4_2 @ 500 dp ...
[2026-05-19 15:02:07]   basis built (75 elements) in 0.02s; first val nstr32 = 1.0
[2026-05-19 15:02:07] Pre-flight smoke: PSLQ @ 500 dp maxcoeff=10^4 (ETA ~9 min) ...
[2026-05-19 15:02:07] HEARTBEAT START smoke_500dp
[2026-05-19 15:03:09]   alive smoke_500dp elapsed=62s mem=38MB
[2026-05-19 15:04:09]   alive smoke_500dp elapsed=122s mem=38MB
[2026-05-19 15:05:09]   alive smoke_500dp elapsed=182s mem=39MB
[2026-05-19 15:06:09]   alive smoke_500dp elapsed=242s mem=42MB
[2026-05-19 15:07:09]   alive smoke_500dp elapsed=302s mem=42MB
[2026-05-19 15:08:09]   alive smoke_500dp elapsed=362s mem=41MB
[2026-05-19 15:09:09]   alive smoke_500dp elapsed=423s mem=41MB
[2026-05-19 15:09:32] HEARTBEAT STOP  smoke_500dp
[2026-05-19 15:09:32]   smoke result: None  (445.095s)
[2026-05-19 15:09:32] Pre-flight smoke MATCHES canonical tier 3c -- pipeline integrity confirmed
[2026-05-19 15:09:32] Tier 3d: building B_4_2 @ 2050 dp ...
[2026-05-19 15:09:32]   basis built (75 elements) in 0.07s
[2026-05-19 15:09:32] Tier 3d: PSLQ @ 2050 dp maxcoeff=10^4 (ETA ~95-110 min) ...
[2026-05-19 15:09:32] HEARTBEAT START tier_3d_2050dp
[2026-05-19 15:10:32]   alive tier_3d_2050dp elapsed=60s mem=42MB
[2026-05-19 15:11:32]   alive tier_3d_2050dp elapsed=120s mem=42MB
[2026-05-19 15:12:32]   alive tier_3d_2050dp elapsed=180s mem=34MB
[2026-05-19 15:13:32]   alive tier_3d_2050dp elapsed=240s mem=34MB
[2026-05-19 15:14:33]   alive tier_3d_2050dp elapsed=301s mem=35MB
[2026-05-19 15:15:33]   alive tier_3d_2050dp elapsed=361s mem=35MB
[2026-05-19 15:16:33]   alive tier_3d_2050dp elapsed=421s mem=36MB
[2026-05-19 15:17:33]   alive tier_3d_2050dp elapsed=481s mem=36MB
[2026-05-19 15:18:33]   alive tier_3d_2050dp elapsed=541s mem=36MB
[2026-05-19 15:19:33]   alive tier_3d_2050dp elapsed=601s mem=36MB
[2026-05-19 15:20:33]   alive tier_3d_2050dp elapsed=661s mem=36MB
[2026-05-19 15:21:33]   alive tier_3d_2050dp elapsed=721s mem=36MB
[2026-05-19 15:22:33]   alive tier_3d_2050dp elapsed=782s mem=33MB
[2026-05-19 15:23:34]   alive tier_3d_2050dp elapsed=842s mem=34MB
[2026-05-19 15:24:34]   alive tier_3d_2050dp elapsed=902s mem=34MB
[2026-05-19 15:25:34]   alive tier_3d_2050dp elapsed=962s mem=34MB
[2026-05-19 15:26:34]   alive tier_3d_2050dp elapsed=1022s mem=34MB
[2026-05-19 15:27:34]   alive tier_3d_2050dp elapsed=1082s mem=28MB
[2026-05-19 15:28:34]   alive tier_3d_2050dp elapsed=1142s mem=28MB
[2026-05-19 15:29:34]   alive tier_3d_2050dp elapsed=1202s mem=28MB
[2026-05-19 15:30:34]   alive tier_3d_2050dp elapsed=1262s mem=29MB
[2026-05-19 15:31:34]   alive tier_3d_2050dp elapsed=1322s mem=29MB
[2026-05-19 15:32:35]   alive tier_3d_2050dp elapsed=1383s mem=28MB
[2026-05-19 15:33:35]   alive tier_3d_2050dp elapsed=1443s mem=28MB
[2026-05-19 15:34:35]   alive tier_3d_2050dp elapsed=1503s mem=28MB
[2026-05-19 15:35:35]   alive tier_3d_2050dp elapsed=1563s mem=28MB
[2026-05-19 15:36:35]   alive tier_3d_2050dp elapsed=1623s mem=28MB
[2026-05-19 15:37:35]   alive tier_3d_2050dp elapsed=1683s mem=28MB
[2026-05-19 15:38:35]   alive tier_3d_2050dp elapsed=1743s mem=26MB
[2026-05-19 15:39:35]   alive tier_3d_2050dp elapsed=1803s mem=26MB
[2026-05-19 15:40:35]   alive tier_3d_2050dp elapsed=1863s mem=27MB
[2026-05-19 15:41:36]   alive tier_3d_2050dp elapsed=1924s mem=27MB
[2026-05-19 15:42:36]   alive tier_3d_2050dp elapsed=1984s mem=27MB
[2026-05-19 15:43:36]   alive tier_3d_2050dp elapsed=2044s mem=27MB
[2026-05-19 15:44:36]   alive tier_3d_2050dp elapsed=2104s mem=28MB
[2026-05-19 15:45:36]   alive tier_3d_2050dp elapsed=2164s mem=28MB
[2026-05-19 15:46:36]   alive tier_3d_2050dp elapsed=2224s mem=28MB
[2026-05-19 15:47:36]   alive tier_3d_2050dp elapsed=2284s mem=28MB
[2026-05-19 15:48:36]   alive tier_3d_2050dp elapsed=2344s mem=28MB
[2026-05-19 15:49:36]   alive tier_3d_2050dp elapsed=2404s mem=28MB
[2026-05-19 15:50:37]   alive tier_3d_2050dp elapsed=2465s mem=28MB
[2026-05-19 15:51:37]   alive tier_3d_2050dp elapsed=2525s mem=28MB
[2026-05-19 15:52:37]   alive tier_3d_2050dp elapsed=2585s mem=28MB
[2026-05-19 15:53:37]   alive tier_3d_2050dp elapsed=2645s mem=28MB
[2026-05-19 15:54:37]   alive tier_3d_2050dp elapsed=2705s mem=28MB
[2026-05-19 15:55:37]   alive tier_3d_2050dp elapsed=2765s mem=28MB
[2026-05-19 15:56:12] HEARTBEAT STOP  tier_3d_2050dp
[2026-05-19 15:56:12]   tier 3d result: None  (2799.69s)
[2026-05-19 15:56:12]   wrote pslq_4_2_maxc4_2050dp.json  sha256=36402dcf8037bcd858e459211bb45f58c2ebac8a0f8c21953392737b2f8a68cd
[2026-05-19 15:56:12] Recovery sidecar written: tier_3d_recovery.json
[2026-05-19 15:56:12] === DONE ===
